====================
Bob - HP: 90.0, DMG: 60.0, DEF: 0.0
Max - HP: 85.0, DMG: 40.0, DEF: 0.0
====================
The Battle begins.
Bob and Max clash!
====================
The Battle is over.
Max won!
