Enter the name of the entity: Enter the lore of A: Enter the health of A: Enter the attack of A: Enter the defense of A: Enter the cooldown of A: 
Enter the name of the entity: Enter the lore of B: Enter the health of B: Enter the attack of B: Enter the defense of B: Enter the cooldown of B: 
====================
A - HP: 90.0, DMG: 50.0, DEF: 20.0
B - HP: 90.0, DMG: 50.0, DEF: 20.0
====================
The Battle begins.
A and B clash!
====================
The Battle is over.
Both heroes are dead!