====================
Bob - HP: 90.0, DMG: 60.0, DEF: 0.0
Bob - HP: 90.0, DMG: 60.0, DEF: 0.0
====================
The Battle begins.
Bob and Bob clash!
====================
The Battle is over.
Both heroes are dead!