====================
John - HP: 100.0, DMG: 50.0, DEF: 10.0
Bob - HP: 90.0, DMG: 60.0, DEF: 0.0
====================
The Battle begins.
John and Bob clash!
====================
The Battle is over.
Bob won!
